// Jest Snapshot v1, https://goo.gl/fbAQLP

exports[`CustomImage Component should match snapshot 1`] = `
<div>
  <img
    alt="Test Image"
    data-nimg="1"
    decoding="async"
    height="50"
    loading="lazy"
    src="http://localhost/_next/image?url=%2Flogo.png&w=128&q=75"
    srcset="/_next/image?url=%2Flogo.png&w=64&q=75 1x, /_next/image?url=%2Flogo.png&w=128&q=75 2x"
    style="color: transparent; background-size: cover; background-position: 50% 50%; background-repeat: no-repeat;"
    width="50"
  />
</div>
`;
