// Jest Snapshot v1, https://goo.gl/fbAQLP

exports[`NoResults Component should match snapshot for NoResults 1`] = `
<div>
  <div
    class="css-wkpw2c"
  >
    <img
      alt=""
      data-nimg="1"
      decoding="async"
      height="225"
      loading="lazy"
      src="/_next/image?url=%2Fno-notification.png&w=750&q=75"
      srcset="/_next/image?url=%2Fno-notification.png&w=384&q=75 1x, /_next/image?url=%2Fno-notification.png&w=750&q=75 2x"
      style="color: transparent;"
      width="340"
    />
    <p
      class="chakra-text css-1uy2b59"
    >
      Page Not Found
    </p>
    <p
      class="chakra-text css-1fhgjcy"
    >
      Back home page
    </p>
    <a
      href=""
    />
  </div>
</div>
`;
